mode: atomic
github.com/sajimenezher_meli/meli-frescos-8/internal/handlers/buyerHandler.go:24.68,28.2 1 0
github.com/sajimenezher_meli/meli-frescos-8/internal/handlers/buyerHandler.go:50.50,51.54 1 0
github.com/sajimenezher_meli/meli-frescos-8/internal/handlers/buyerHandler.go:51.54,64.17 5 0
github.com/sajimenezher_meli/meli-frescos-8/internal/handlers/buyerHandler.go:64.17,67.4 2 0
github.com/sajimenezher_meli/meli-frescos-8/internal/handlers/buyerHandler.go:70.3,74.51 4 0
github.com/sajimenezher_meli/meli-frescos-8/internal/handlers/buyerHandler.go:82.51,83.54 1 0
github.com/sajimenezher_meli/meli-frescos-8/internal/handlers/buyerHandler.go:83.54,96.17 5 0
github.com/sajimenezher_meli/meli-frescos-8/internal/handlers/buyerHandler.go:96.17,99.4 2 0
github.com/sajimenezher_meli/meli-frescos-8/internal/handlers/buyerHandler.go:102.3,103.17 2 0
github.com/sajimenezher_meli/meli-frescos-8/internal/handlers/buyerHandler.go:103.17,105.49 1 0
github.com/sajimenezher_meli/meli-frescos-8/internal/handlers/buyerHandler.go:105.49,108.5 2 0
github.com/sajimenezher_meli/meli-frescos-8/internal/handlers/buyerHandler.go:110.4,111.10 2 0
github.com/sajimenezher_meli/meli-frescos-8/internal/handlers/buyerHandler.go:115.3,117.51 3 0
github.com/sajimenezher_meli/meli-frescos-8/internal/handlers/buyerHandler.go:125.54,126.54 1 0
github.com/sajimenezher_meli/meli-frescos-8/internal/handlers/buyerHandler.go:126.54,133.17 4 0
github.com/sajimenezher_meli/meli-frescos-8/internal/handlers/buyerHandler.go:133.17,136.4 2 0
github.com/sajimenezher_meli/meli-frescos-8/internal/handlers/buyerHandler.go:139.3,140.17 2 0
github.com/sajimenezher_meli/meli-frescos-8/internal/handlers/buyerHandler.go:140.17,142.49 1 0
github.com/sajimenezher_meli/meli-frescos-8/internal/handlers/buyerHandler.go:142.49,145.5 2 0
github.com/sajimenezher_meli/meli-frescos-8/internal/handlers/buyerHandler.go:147.4,148.10 2 0
github.com/sajimenezher_meli/meli-frescos-8/internal/handlers/buyerHandler.go:150.3,150.38 1 0
github.com/sajimenezher_meli/meli-frescos-8/internal/handlers/buyerHandler.go:158.53,159.54 1 0
github.com/sajimenezher_meli/meli-frescos-8/internal/handlers/buyerHandler.go:159.54,171.17 7 0
github.com/sajimenezher_meli/meli-frescos-8/internal/handlers/buyerHandler.go:171.17,174.4 2 0
github.com/sajimenezher_meli/meli-frescos-8/internal/handlers/buyerHandler.go:177.3,179.17 3 0
github.com/sajimenezher_meli/meli-frescos-8/internal/handlers/buyerHandler.go:179.17,181.54 1 0
github.com/sajimenezher_meli/meli-frescos-8/internal/handlers/buyerHandler.go:181.54,184.5 2 0
github.com/sajimenezher_meli/meli-frescos-8/internal/handlers/buyerHandler.go:186.4,187.10 2 0
github.com/sajimenezher_meli/meli-frescos-8/internal/handlers/buyerHandler.go:191.3,194.56 3 0
github.com/sajimenezher_meli/meli-frescos-8/internal/handlers/buyerHandler.go:202.54,203.54 1 0
github.com/sajimenezher_meli/meli-frescos-8/internal/handlers/buyerHandler.go:203.54,212.17 5 0
github.com/sajimenezher_meli/meli-frescos-8/internal/handlers/buyerHandler.go:212.17,215.4 2 0
github.com/sajimenezher_meli/meli-frescos-8/internal/handlers/buyerHandler.go:218.3,222.17 4 0
github.com/sajimenezher_meli/meli-frescos-8/internal/handlers/buyerHandler.go:222.17,225.4 2 0
github.com/sajimenezher_meli/meli-frescos-8/internal/handlers/buyerHandler.go:228.3,230.17 3 0
github.com/sajimenezher_meli/meli-frescos-8/internal/handlers/buyerHandler.go:230.17,232.49 1 0
github.com/sajimenezher_meli/meli-frescos-8/internal/handlers/buyerHandler.go:232.49,235.5 2 0
github.com/sajimenezher_meli/meli-frescos-8/internal/handlers/buyerHandler.go:237.4,237.54 1 0
github.com/sajimenezher_meli/meli-frescos-8/internal/handlers/buyerHandler.go:237.54,240.5 2 0
github.com/sajimenezher_meli/meli-frescos-8/internal/handlers/buyerHandler.go:242.4,243.10 2 0
github.com/sajimenezher_meli/meli-frescos-8/internal/handlers/buyerHandler.go:247.3,250.51 3 0
github.com/sajimenezher_meli/meli-frescos-8/internal/handlers/buyerHandler.go:258.71,260.31 2 0
github.com/sajimenezher_meli/meli-frescos-8/internal/handlers/buyerHandler.go:260.31,262.3 1 0
github.com/sajimenezher_meli/meli-frescos-8/internal/handlers/buyerHandler.go:263.2,263.19 1 0
github.com/sajimenezher_meli/meli-frescos-8/internal/handlers/carry_handler.go:28.72,30.2 1 0
github.com/sajimenezher_meli/meli-frescos-8/internal/handlers/carry_handler.go:36.71,44.65 4 0
github.com/sajimenezher_meli/meli-frescos-8/internal/handlers/carry_handler.go:44.65,47.3 2 0
github.com/sajimenezher_meli/meli-frescos-8/internal/handlers/carry_handler.go:50.2,50.66 1 0
github.com/sajimenezher_meli/meli-frescos-8/internal/handlers/carry_handler.go:50.66,53.3 2 0
github.com/sajimenezher_meli/meli-frescos-8/internal/handlers/carry_handler.go:56.2,61.16 3 0
github.com/sajimenezher_meli/meli-frescos-8/internal/handlers/carry_handler.go:61.16,63.23 1 0
github.com/sajimenezher_meli/meli-frescos-8/internal/handlers/carry_handler.go:63.23,66.4 2 0
github.com/sajimenezher_meli/meli-frescos-8/internal/handlers/carry_handler.go:68.3,68.53 1 0
github.com/sajimenezher_meli/meli-frescos-8/internal/handlers/carry_handler.go:68.53,71.4 2 0
github.com/sajimenezher_meli/meli-frescos-8/internal/handlers/carry_handler.go:72.3,72.48 1 0
github.com/sajimenezher_meli/meli-frescos-8/internal/handlers/carry_handler.go:72.48,75.4 2 0
github.com/sajimenezher_meli/meli-frescos-8/internal/handlers/carry_handler.go:76.3,77.9 2 0
github.com/sajimenezher_meli/meli-frescos-8/internal/handlers/carry_handler.go:81.2,85.4 2 0
github.com/sajimenezher_meli/meli-frescos-8/internal/handlers/carry_handler.go:92.89,101.25 5 0
github.com/sajimenezher_meli/meli-frescos-8/internal/handlers/carry_handler.go:101.25,105.17 3 0
github.com/sajimenezher_meli/meli-frescos-8/internal/handlers/carry_handler.go:105.17,108.4 2 0
github.com/sajimenezher_meli/meli-frescos-8/internal/handlers/carry_handler.go:109.3,109.22 1 0
github.com/sajimenezher_meli/meli-frescos-8/internal/handlers/carry_handler.go:109.22,112.4 2 0
github.com/sajimenezher_meli/meli-frescos-8/internal/handlers/carry_handler.go:118.2,120.16 2 0
github.com/sajimenezher_meli/meli-frescos-8/internal/handlers/carry_handler.go:120.16,122.23 1 0
github.com/sajimenezher_meli/meli-frescos-8/internal/handlers/carry_handler.go:122.23,125.4 2 0
github.com/sajimenezher_meli/meli-frescos-8/internal/handlers/carry_handler.go:127.3,127.48 1 0
github.com/sajimenezher_meli/meli-frescos-8/internal/handlers/carry_handler.go:127.48,130.4 2 0
github.com/sajimenezher_meli/meli-frescos-8/internal/handlers/carry_handler.go:131.3,132.9 2 0
github.com/sajimenezher_meli/meli-frescos-8/internal/handlers/carry_handler.go:135.2,137.4 1 0
github.com/sajimenezher_meli/meli-frescos-8/internal/handlers/employeeHandler.go:26.121,30.2 1 20
github.com/sajimenezher_meli/meli-frescos-8/internal/handlers/employeeHandler.go:52.61,53.54 1 2
github.com/sajimenezher_meli/meli-frescos-8/internal/handlers/employeeHandler.go:53.54,66.17 5 2
github.com/sajimenezher_meli/meli-frescos-8/internal/handlers/employeeHandler.go:66.17,69.4 2 1
github.com/sajimenezher_meli/meli-frescos-8/internal/handlers/employeeHandler.go:72.3,76.51 4 1
github.com/sajimenezher_meli/meli-frescos-8/internal/handlers/employeeHandler.go:84.62,85.54 1 4
github.com/sajimenezher_meli/meli-frescos-8/internal/handlers/employeeHandler.go:85.54,98.17 5 4
github.com/sajimenezher_meli/meli-frescos-8/internal/handlers/employeeHandler.go:98.17,101.4 2 1
github.com/sajimenezher_meli/meli-frescos-8/internal/handlers/employeeHandler.go:104.3,105.17 2 3
github.com/sajimenezher_meli/meli-frescos-8/internal/handlers/employeeHandler.go:105.17,107.49 1 2
github.com/sajimenezher_meli/meli-frescos-8/internal/handlers/employeeHandler.go:107.49,110.5 2 1
github.com/sajimenezher_meli/meli-frescos-8/internal/handlers/employeeHandler.go:112.4,113.10 2 1
github.com/sajimenezher_meli/meli-frescos-8/internal/handlers/employeeHandler.go:117.3,119.51 3 1
github.com/sajimenezher_meli/meli-frescos-8/internal/handlers/employeeHandler.go:127.59,128.54 1 4
github.com/sajimenezher_meli/meli-frescos-8/internal/handlers/employeeHandler.go:128.54,140.17 7 4
github.com/sajimenezher_meli/meli-frescos-8/internal/handlers/employeeHandler.go:140.17,143.4 2 1
github.com/sajimenezher_meli/meli-frescos-8/internal/handlers/employeeHandler.go:146.3,148.17 3 3
github.com/sajimenezher_meli/meli-frescos-8/internal/handlers/employeeHandler.go:148.17,150.54 1 2
github.com/sajimenezher_meli/meli-frescos-8/internal/handlers/employeeHandler.go:150.54,153.5 2 1
github.com/sajimenezher_meli/meli-frescos-8/internal/handlers/employeeHandler.go:155.4,156.10 2 1
github.com/sajimenezher_meli/meli-frescos-8/internal/handlers/employeeHandler.go:160.3,163.56 3 1
github.com/sajimenezher_meli/meli-frescos-8/internal/handlers/employeeHandler.go:171.60,172.54 1 6
github.com/sajimenezher_meli/meli-frescos-8/internal/handlers/employeeHandler.go:172.54,181.17 5 6
github.com/sajimenezher_meli/meli-frescos-8/internal/handlers/employeeHandler.go:181.17,184.4 2 1
github.com/sajimenezher_meli/meli-frescos-8/internal/handlers/employeeHandler.go:187.3,191.17 4 5
github.com/sajimenezher_meli/meli-frescos-8/internal/handlers/employeeHandler.go:191.17,194.4 2 1
github.com/sajimenezher_meli/meli-frescos-8/internal/handlers/employeeHandler.go:197.3,199.17 3 4
github.com/sajimenezher_meli/meli-frescos-8/internal/handlers/employeeHandler.go:199.17,201.49 1 3
github.com/sajimenezher_meli/meli-frescos-8/internal/handlers/employeeHandler.go:201.49,204.5 2 1
github.com/sajimenezher_meli/meli-frescos-8/internal/handlers/employeeHandler.go:206.4,206.54 1 2
github.com/sajimenezher_meli/meli-frescos-8/internal/handlers/employeeHandler.go:206.54,209.5 2 1
github.com/sajimenezher_meli/meli-frescos-8/internal/handlers/employeeHandler.go:211.4,212.10 2 1
github.com/sajimenezher_meli/meli-frescos-8/internal/handlers/employeeHandler.go:216.3,219.51 3 1
github.com/sajimenezher_meli/meli-frescos-8/internal/handlers/employeeHandler.go:227.65,228.54 1 4
github.com/sajimenezher_meli/meli-frescos-8/internal/handlers/employeeHandler.go:228.54,235.17 4 4
github.com/sajimenezher_meli/meli-frescos-8/internal/handlers/employeeHandler.go:235.17,238.4 2 1
github.com/sajimenezher_meli/meli-frescos-8/internal/handlers/employeeHandler.go:241.3,242.17 2 3
github.com/sajimenezher_meli/meli-frescos-8/internal/handlers/employeeHandler.go:242.17,244.49 1 2
github.com/sajimenezher_meli/meli-frescos-8/internal/handlers/employeeHandler.go:244.49,247.5 2 1
github.com/sajimenezher_meli/meli-frescos-8/internal/handlers/employeeHandler.go:249.4,250.10 2 1
github.com/sajimenezher_meli/meli-frescos-8/internal/handlers/employeeHandler.go:252.3,252.38 1 1
github.com/sajimenezher_meli/meli-frescos-8/internal/handlers/employeeHandler.go:260.77,262.32 2 1
github.com/sajimenezher_meli/meli-frescos-8/internal/handlers/employeeHandler.go:262.32,264.3 1 3
github.com/sajimenezher_meli/meli-frescos-8/internal/handlers/employeeHandler.go:265.2,265.21 1 1
github.com/sajimenezher_meli/meli-frescos-8/internal/handlers/inboundOrderHandler.go:23.90,27.2 1 0
github.com/sajimenezher_meli/meli-frescos-8/internal/handlers/inboundOrderHandler.go:46.73,47.54 1 0
github.com/sajimenezher_meli/meli-frescos-8/internal/handlers/inboundOrderHandler.go:47.54,57.20 6 0
github.com/sajimenezher_meli/meli-frescos-8/internal/handlers/inboundOrderHandler.go:57.20,60.18 2 0
github.com/sajimenezher_meli/meli-frescos-8/internal/handlers/inboundOrderHandler.go:60.18,63.5 2 0
github.com/sajimenezher_meli/meli-frescos-8/internal/handlers/inboundOrderHandler.go:66.4,67.18 2 0
github.com/sajimenezher_meli/meli-frescos-8/internal/handlers/inboundOrderHandler.go:67.18,70.5 2 0
github.com/sajimenezher_meli/meli-frescos-8/internal/handlers/inboundOrderHandler.go:72.4,72.47 1 0
github.com/sajimenezher_meli/meli-frescos-8/internal/handlers/inboundOrderHandler.go:73.9,76.18 2 0
github.com/sajimenezher_meli/meli-frescos-8/internal/handlers/inboundOrderHandler.go:76.18,79.5 2 0
github.com/sajimenezher_meli/meli-frescos-8/internal/handlers/inboundOrderHandler.go:80.4,80.26 1 0
github.com/sajimenezher_meli/meli-frescos-8/internal/handlers/inboundOrderHandler.go:83.3,84.51 2 0
github.com/sajimenezher_meli/meli-frescos-8/internal/handlers/inboundOrderHandler.go:92.67,93.54 1 0
github.com/sajimenezher_meli/meli-frescos-8/internal/handlers/inboundOrderHandler.go:93.54,105.17 5 0
github.com/sajimenezher_meli/meli-frescos-8/internal/handlers/inboundOrderHandler.go:105.17,108.4 2 0
github.com/sajimenezher_meli/meli-frescos-8/internal/handlers/inboundOrderHandler.go:111.3,112.17 2 0
github.com/sajimenezher_meli/meli-frescos-8/internal/handlers/inboundOrderHandler.go:112.17,115.4 2 0
github.com/sajimenezher_meli/meli-frescos-8/internal/handlers/inboundOrderHandler.go:118.3,120.17 3 0
github.com/sajimenezher_meli/meli-frescos-8/internal/handlers/inboundOrderHandler.go:120.17,122.11 1 0
github.com/sajimenezher_meli/meli-frescos-8/internal/handlers/inboundOrderHandler.go:123.56,125.11 2 0
github.com/sajimenezher_meli/meli-frescos-8/internal/handlers/inboundOrderHandler.go:126.61,128.11 2 0
github.com/sajimenezher_meli/meli-frescos-8/internal/handlers/inboundOrderHandler.go:129.12,131.11 2 0
github.com/sajimenezher_meli/meli-frescos-8/internal/handlers/inboundOrderHandler.go:136.3,139.52 3 0
github.com/sajimenezher_meli/meli-frescos-8/internal/handlers/localityHandler.go:28.76,30.2 1 0
github.com/sajimenezher_meli/meli-frescos-8/internal/handlers/localityHandler.go:36.72,41.22 3 0
github.com/sajimenezher_meli/meli-frescos-8/internal/handlers/localityHandler.go:41.22,44.3 2 0
github.com/sajimenezher_meli/meli-frescos-8/internal/handlers/localityHandler.go:47.2,51.72 3 0
github.com/sajimenezher_meli/meli-frescos-8/internal/handlers/localityHandler.go:51.72,54.3 2 0
github.com/sajimenezher_meli/meli-frescos-8/internal/handlers/localityHandler.go:57.2,63.16 5 0
github.com/sajimenezher_meli/meli-frescos-8/internal/handlers/localityHandler.go:63.16,65.45 1 0
github.com/sajimenezher_meli/meli-frescos-8/internal/handlers/localityHandler.go:65.45,67.4 1 0
github.com/sajimenezher_meli/meli-frescos-8/internal/handlers/localityHandler.go:68.3,68.53 1 0
github.com/sajimenezher_meli/meli-frescos-8/internal/handlers/localityHandler.go:68.53,70.4 1 0
github.com/sajimenezher_meli/meli-frescos-8/internal/handlers/localityHandler.go:71.3,71.47 1 0
github.com/sajimenezher_meli/meli-frescos-8/internal/handlers/localityHandler.go:71.47,73.4 1 0
github.com/sajimenezher_meli/meli-frescos-8/internal/handlers/localityHandler.go:74.3,74.9 1 0
github.com/sajimenezher_meli/meli-frescos-8/internal/handlers/localityHandler.go:76.2,76.80 1 0
github.com/sajimenezher_meli/meli-frescos-8/internal/handlers/localityHandler.go:83.93,94.49 6 0
github.com/sajimenezher_meli/meli-frescos-8/internal/handlers/localityHandler.go:94.49,97.3 2 0
github.com/sajimenezher_meli/meli-frescos-8/internal/handlers/localityHandler.go:99.2,99.25 1 0
github.com/sajimenezher_meli/meli-frescos-8/internal/handlers/localityHandler.go:99.25,102.3 1 0
github.com/sajimenezher_meli/meli-frescos-8/internal/handlers/localityHandler.go:102.8,106.17 3 0
github.com/sajimenezher_meli/meli-frescos-8/internal/handlers/localityHandler.go:106.17,109.4 2 0
github.com/sajimenezher_meli/meli-frescos-8/internal/handlers/localityHandler.go:113.2,116.162 2 0
github.com/sajimenezher_meli/meli-frescos-8/internal/handlers/localityHandler.go:116.162,119.3 2 0
github.com/sajimenezher_meli/meli-frescos-8/internal/handlers/localityHandler.go:120.2,120.47 1 0
github.com/sajimenezher_meli/meli-frescos-8/internal/handlers/localityHandler.go:120.47,123.3 2 0
github.com/sajimenezher_meli/meli-frescos-8/internal/handlers/localityHandler.go:124.2,124.46 1 0
github.com/sajimenezher_meli/meli-frescos-8/internal/handlers/localityHandler.go:124.46,127.3 2 0
github.com/sajimenezher_meli/meli-frescos-8/internal/handlers/localityHandler.go:129.2,129.65 1 0
github.com/sajimenezher_meli/meli-frescos-8/internal/handlers/productBatchHandler.go:23.70,31.2 1 0
github.com/sajimenezher_meli/meli-frescos-8/internal/handlers/productBatchHandler.go:53.78,64.70 4 0
github.com/sajimenezher_meli/meli-frescos-8/internal/handlers/productBatchHandler.go:64.70,67.3 2 0
github.com/sajimenezher_meli/meli-frescos-8/internal/handlers/productBatchHandler.go:70.2,70.86 1 0
github.com/sajimenezher_meli/meli-frescos-8/internal/handlers/productBatchHandler.go:70.86,73.3 2 0
github.com/sajimenezher_meli/meli-frescos-8/internal/handlers/productBatchHandler.go:76.2,76.59 1 0
github.com/sajimenezher_meli/meli-frescos-8/internal/handlers/productBatchHandler.go:76.59,79.3 2 0
github.com/sajimenezher_meli/meli-frescos-8/internal/handlers/productBatchHandler.go:82.2,83.13 2 0
github.com/sajimenezher_meli/meli-frescos-8/internal/handlers/productBatchHandler.go:83.13,86.3 2 0
github.com/sajimenezher_meli/meli-frescos-8/internal/handlers/productBatchHandler.go:89.2,90.19 2 0
github.com/sajimenezher_meli/meli-frescos-8/internal/handlers/productBatchHandler.go:90.19,93.3 2 0
github.com/sajimenezher_meli/meli-frescos-8/internal/handlers/productBatchHandler.go:96.2,96.85 1 0
github.com/sajimenezher_meli/meli-frescos-8/internal/handlers/productBatchHandler.go:96.85,99.3 2 0
github.com/sajimenezher_meli/meli-frescos-8/internal/handlers/productBatchHandler.go:102.2,102.66 1 0
github.com/sajimenezher_meli/meli-frescos-8/internal/handlers/productBatchHandler.go:102.66,105.3 2 0
github.com/sajimenezher_meli/meli-frescos-8/internal/handlers/productBatchHandler.go:108.2,109.52 2 0
github.com/sajimenezher_meli/meli-frescos-8/internal/handlers/productBatchHandler.go:116.88,125.25 5 0
github.com/sajimenezher_meli/meli-frescos-8/internal/handlers/productBatchHandler.go:125.25,128.21 2 0
github.com/sajimenezher_meli/meli-frescos-8/internal/handlers/productBatchHandler.go:128.21,131.4 2 0
github.com/sajimenezher_meli/meli-frescos-8/internal/handlers/productBatchHandler.go:134.3,135.20 2 0
github.com/sajimenezher_meli/meli-frescos-8/internal/handlers/productBatchHandler.go:135.20,138.4 2 0
github.com/sajimenezher_meli/meli-frescos-8/internal/handlers/productBatchHandler.go:141.3,147.53 3 0
github.com/sajimenezher_meli/meli-frescos-8/internal/handlers/productBatchHandler.go:149.8,153.20 3 0
github.com/sajimenezher_meli/meli-frescos-8/internal/handlers/productBatchHandler.go:153.20,156.4 2 0
github.com/sajimenezher_meli/meli-frescos-8/internal/handlers/productBatchHandler.go:159.3,159.30 1 0
github.com/sajimenezher_meli/meli-frescos-8/internal/handlers/productBatchHandler.go:159.30,166.4 2 0
github.com/sajimenezher_meli/meli-frescos-8/internal/handlers/productBatchHandler.go:167.3,169.53 2 0
github.com/sajimenezher_meli/meli-frescos-8/internal/handlers/productHandler.go:30.73,34.2 1 0
github.com/sajimenezher_meli/meli-frescos-8/internal/handlers/productHandler.go:38.74,47.16 4 0
github.com/sajimenezher_meli/meli-frescos-8/internal/handlers/productHandler.go:47.16,50.47 1 0
github.com/sajimenezher_meli/meli-frescos-8/internal/handlers/productHandler.go:50.47,53.4 2 0
github.com/sajimenezher_meli/meli-frescos-8/internal/handlers/productHandler.go:56.3,57.9 2 0
github.com/sajimenezher_meli/meli-frescos-8/internal/handlers/productHandler.go:62.2,62.73 1 0
github.com/sajimenezher_meli/meli-frescos-8/internal/handlers/productHandler.go:67.74,76.57 4 0
github.com/sajimenezher_meli/meli-frescos-8/internal/handlers/productHandler.go:76.57,79.3 2 0
github.com/sajimenezher_meli/meli-frescos-8/internal/handlers/productHandler.go:83.2,84.80 2 0
github.com/sajimenezher_meli/meli-frescos-8/internal/handlers/productHandler.go:84.80,87.3 2 0
github.com/sajimenezher_meli/meli-frescos-8/internal/handlers/productHandler.go:91.2,96.16 3 0
github.com/sajimenezher_meli/meli-frescos-8/internal/handlers/productHandler.go:96.16,99.47 1 0
github.com/sajimenezher_meli/meli-frescos-8/internal/handlers/productHandler.go:99.47,102.4 2 0
github.com/sajimenezher_meli/meli-frescos-8/internal/handlers/productHandler.go:105.3,105.53 1 0
github.com/sajimenezher_meli/meli-frescos-8/internal/handlers/productHandler.go:105.53,108.4 2 0
github.com/sajimenezher_meli/meli-frescos-8/internal/handlers/productHandler.go:111.3,112.9 2 0
github.com/sajimenezher_meli/meli-frescos-8/internal/handlers/productHandler.go:117.2,118.85 2 0
github.com/sajimenezher_meli/meli-frescos-8/internal/handlers/productHandler.go:123.71,132.16 4 0
github.com/sajimenezher_meli/meli-frescos-8/internal/handlers/productHandler.go:132.16,135.3 2 0
github.com/sajimenezher_meli/meli-frescos-8/internal/handlers/productHandler.go:139.2,140.16 2 0
github.com/sajimenezher_meli/meli-frescos-8/internal/handlers/productHandler.go:140.16,143.47 1 0
github.com/sajimenezher_meli/meli-frescos-8/internal/handlers/productHandler.go:143.47,146.4 2 0
github.com/sajimenezher_meli/meli-frescos-8/internal/handlers/productHandler.go:149.3,149.48 1 0
github.com/sajimenezher_meli/meli-frescos-8/internal/handlers/productHandler.go:149.48,152.4 2 0
github.com/sajimenezher_meli/meli-frescos-8/internal/handlers/productHandler.go:155.3,156.9 2 0
github.com/sajimenezher_meli/meli-frescos-8/internal/handlers/productHandler.go:161.2,162.80 2 0
github.com/sajimenezher_meli/meli-frescos-8/internal/handlers/productHandler.go:167.74,176.16 4 0
github.com/sajimenezher_meli/meli-frescos-8/internal/handlers/productHandler.go:176.16,179.3 2 0
github.com/sajimenezher_meli/meli-frescos-8/internal/handlers/productHandler.go:183.2,184.57 2 0
github.com/sajimenezher_meli/meli-frescos-8/internal/handlers/productHandler.go:184.57,187.3 2 0
github.com/sajimenezher_meli/meli-frescos-8/internal/handlers/productHandler.go:191.2,196.16 3 0
github.com/sajimenezher_meli/meli-frescos-8/internal/handlers/productHandler.go:196.16,199.47 1 0
github.com/sajimenezher_meli/meli-frescos-8/internal/handlers/productHandler.go:199.47,202.4 2 0
github.com/sajimenezher_meli/meli-frescos-8/internal/handlers/productHandler.go:205.3,205.48 1 0
github.com/sajimenezher_meli/meli-frescos-8/internal/handlers/productHandler.go:205.48,208.4 2 0
github.com/sajimenezher_meli/meli-frescos-8/internal/handlers/productHandler.go:211.3,212.9 2 0
github.com/sajimenezher_meli/meli-frescos-8/internal/handlers/productHandler.go:217.2,218.80 2 0
github.com/sajimenezher_meli/meli-frescos-8/internal/handlers/productHandler.go:223.74,232.16 4 0
github.com/sajimenezher_meli/meli-frescos-8/internal/handlers/productHandler.go:232.16,235.3 2 0
github.com/sajimenezher_meli/meli-frescos-8/internal/handlers/productHandler.go:239.2,239.51 1 0
github.com/sajimenezher_meli/meli-frescos-8/internal/handlers/productHandler.go:239.51,242.47 1 0
github.com/sajimenezher_meli/meli-frescos-8/internal/handlers/productHandler.go:242.47,245.4 2 0
github.com/sajimenezher_meli/meli-frescos-8/internal/handlers/productHandler.go:248.3,248.48 1 0
github.com/sajimenezher_meli/meli-frescos-8/internal/handlers/productHandler.go:248.48,251.4 2 0
github.com/sajimenezher_meli/meli-frescos-8/internal/handlers/productHandler.go:254.3,255.9 2 0
github.com/sajimenezher_meli/meli-frescos-8/internal/handlers/productHandler.go:260.2,260.37 1 0
github.com/sajimenezher_meli/meli-frescos-8/internal/handlers/productHandler.go:265.46,267.17 2 0
github.com/sajimenezher_meli/meli-frescos-8/internal/handlers/productHandler.go:267.17,269.3 1 0
github.com/sajimenezher_meli/meli-frescos-8/internal/handlers/productHandler.go:270.2,271.16 2 0
github.com/sajimenezher_meli/meli-frescos-8/internal/handlers/productHandler.go:271.16,273.3 1 0
github.com/sajimenezher_meli/meli-frescos-8/internal/handlers/productHandler.go:274.2,274.16 1 0
github.com/sajimenezher_meli/meli-frescos-8/internal/handlers/productRecordHandler.go:42.92,44.2 1 0
github.com/sajimenezher_meli/meli-frescos-8/internal/handlers/productRecordHandler.go:48.81,59.16 5 0
github.com/sajimenezher_meli/meli-frescos-8/internal/handlers/productRecordHandler.go:59.16,62.3 2 0
github.com/sajimenezher_meli/meli-frescos-8/internal/handlers/productRecordHandler.go:66.2,68.16 3 0
github.com/sajimenezher_meli/meli-frescos-8/internal/handlers/productRecordHandler.go:68.16,71.3 2 0
github.com/sajimenezher_meli/meli-frescos-8/internal/handlers/productRecordHandler.go:75.2,81.16 3 0
github.com/sajimenezher_meli/meli-frescos-8/internal/handlers/productRecordHandler.go:81.16,84.58 1 0
github.com/sajimenezher_meli/meli-frescos-8/internal/handlers/productRecordHandler.go:84.58,87.4 2 0
github.com/sajimenezher_meli/meli-frescos-8/internal/handlers/productRecordHandler.go:88.3,89.9 2 0
github.com/sajimenezher_meli/meli-frescos-8/internal/handlers/productRecordHandler.go:94.2,97.4 2 0
github.com/sajimenezher_meli/meli-frescos-8/internal/handlers/productRecordHandler.go:102.84,112.20 4 0
github.com/sajimenezher_meli/meli-frescos-8/internal/handlers/productRecordHandler.go:112.20,114.17 2 0
github.com/sajimenezher_meli/meli-frescos-8/internal/handlers/productRecordHandler.go:114.17,117.4 2 0
github.com/sajimenezher_meli/meli-frescos-8/internal/handlers/productRecordHandler.go:119.3,119.72 1 0
github.com/sajimenezher_meli/meli-frescos-8/internal/handlers/productRecordHandler.go:121.8,126.17 2 0
github.com/sajimenezher_meli/meli-frescos-8/internal/handlers/productRecordHandler.go:126.17,129.4 2 0
github.com/sajimenezher_meli/meli-frescos-8/internal/handlers/productRecordHandler.go:133.3,135.17 2 0
github.com/sajimenezher_meli/meli-frescos-8/internal/handlers/productRecordHandler.go:135.17,138.59 1 0
github.com/sajimenezher_meli/meli-frescos-8/internal/handlers/productRecordHandler.go:138.59,141.5 2 0
github.com/sajimenezher_meli/meli-frescos-8/internal/handlers/productRecordHandler.go:142.4,143.10 2 0
github.com/sajimenezher_meli/meli-frescos-8/internal/handlers/productRecordHandler.go:148.3,150.5 1 0
github.com/sajimenezher_meli/meli-frescos-8/internal/handlers/purchaseOrderHandler.go:23.92,27.2 1 0
github.com/sajimenezher_meli/meli-frescos-8/internal/handlers/purchaseOrderHandler.go:47.69,48.54 1 0
github.com/sajimenezher_meli/meli-frescos-8/internal/handlers/purchaseOrderHandler.go:48.54,60.17 5 0
github.com/sajimenezher_meli/meli-frescos-8/internal/handlers/purchaseOrderHandler.go:60.17,63.4 2 0
github.com/sajimenezher_meli/meli-frescos-8/internal/handlers/purchaseOrderHandler.go:66.3,67.17 2 0
github.com/sajimenezher_meli/meli-frescos-8/internal/handlers/purchaseOrderHandler.go:67.17,70.4 2 0
github.com/sajimenezher_meli/meli-frescos-8/internal/handlers/purchaseOrderHandler.go:73.3,75.17 3 0
github.com/sajimenezher_meli/meli-frescos-8/internal/handlers/purchaseOrderHandler.go:75.17,77.54 1 0
github.com/sajimenezher_meli/meli-frescos-8/internal/handlers/purchaseOrderHandler.go:77.54,80.5 2 0
github.com/sajimenezher_meli/meli-frescos-8/internal/handlers/purchaseOrderHandler.go:82.4,82.49 1 0
github.com/sajimenezher_meli/meli-frescos-8/internal/handlers/purchaseOrderHandler.go:82.49,85.5 2 0
github.com/sajimenezher_meli/meli-frescos-8/internal/handlers/purchaseOrderHandler.go:87.4,88.10 2 0
github.com/sajimenezher_meli/meli-frescos-8/internal/handlers/purchaseOrderHandler.go:92.3,95.56 3 0
github.com/sajimenezher_meli/meli-frescos-8/internal/handlers/purchaseOrderHandler.go:103.58,104.54 1 0
github.com/sajimenezher_meli/meli-frescos-8/internal/handlers/purchaseOrderHandler.go:104.54,116.17 5 0
github.com/sajimenezher_meli/meli-frescos-8/internal/handlers/purchaseOrderHandler.go:116.17,118.4 1 0
github.com/sajimenezher_meli/meli-frescos-8/internal/handlers/purchaseOrderHandler.go:121.3,125.51 4 0
github.com/sajimenezher_meli/meli-frescos-8/internal/handlers/purchaseOrderHandler.go:133.75,134.54 1 0
github.com/sajimenezher_meli/meli-frescos-8/internal/handlers/purchaseOrderHandler.go:134.54,143.20 6 0
github.com/sajimenezher_meli/meli-frescos-8/internal/handlers/purchaseOrderHandler.go:143.20,146.18 2 0
github.com/sajimenezher_meli/meli-frescos-8/internal/handlers/purchaseOrderHandler.go:146.18,149.5 2 0
github.com/sajimenezher_meli/meli-frescos-8/internal/handlers/purchaseOrderHandler.go:150.4,150.19 1 0
github.com/sajimenezher_meli/meli-frescos-8/internal/handlers/purchaseOrderHandler.go:154.3,155.17 2 0
github.com/sajimenezher_meli/meli-frescos-8/internal/handlers/purchaseOrderHandler.go:155.17,157.49 1 0
github.com/sajimenezher_meli/meli-frescos-8/internal/handlers/purchaseOrderHandler.go:157.49,160.5 2 0
github.com/sajimenezher_meli/meli-frescos-8/internal/handlers/purchaseOrderHandler.go:161.4,162.10 2 0
github.com/sajimenezher_meli/meli-frescos-8/internal/handlers/purchaseOrderHandler.go:165.3,166.51 2 0
github.com/sajimenezher_meli/meli-frescos-8/internal/handlers/purchaseOrderHandler.go:174.103,177.31 2 0
github.com/sajimenezher_meli/meli-frescos-8/internal/handlers/purchaseOrderHandler.go:177.31,179.3 1 0
github.com/sajimenezher_meli/meli-frescos-8/internal/handlers/purchaseOrderHandler.go:181.2,181.19 1 0
github.com/sajimenezher_meli/meli-frescos-8/internal/handlers/sectionHandler.go:22.161,28.2 1 0
github.com/sajimenezher_meli/meli-frescos-8/internal/handlers/sectionHandler.go:52.73,61.19 5 0
github.com/sajimenezher_meli/meli-frescos-8/internal/handlers/sectionHandler.go:61.19,64.3 2 0
github.com/sajimenezher_meli/meli-frescos-8/internal/handlers/sectionHandler.go:67.2,68.47 2 0
github.com/sajimenezher_meli/meli-frescos-8/internal/handlers/sectionHandler.go:75.74,84.20 5 0
github.com/sajimenezher_meli/meli-frescos-8/internal/handlers/sectionHandler.go:84.20,87.3 2 0
github.com/sajimenezher_meli/meli-frescos-8/internal/handlers/sectionHandler.go:90.2,91.19 2 0
github.com/sajimenezher_meli/meli-frescos-8/internal/handlers/sectionHandler.go:91.19,94.3 2 0
github.com/sajimenezher_meli/meli-frescos-8/internal/handlers/sectionHandler.go:97.2,98.47 2 0
github.com/sajimenezher_meli/meli-frescos-8/internal/handlers/sectionHandler.go:105.73,117.70 4 0
github.com/sajimenezher_meli/meli-frescos-8/internal/handlers/sectionHandler.go:117.70,120.3 2 0
github.com/sajimenezher_meli/meli-frescos-8/internal/handlers/sectionHandler.go:123.2,123.82 1 0
github.com/sajimenezher_meli/meli-frescos-8/internal/handlers/sectionHandler.go:123.82,126.3 2 0
github.com/sajimenezher_meli/meli-frescos-8/internal/handlers/sectionHandler.go:129.2,130.19 2 0
github.com/sajimenezher_meli/meli-frescos-8/internal/handlers/sectionHandler.go:130.19,133.3 2 0
github.com/sajimenezher_meli/meli-frescos-8/internal/handlers/sectionHandler.go:136.2,139.79 2 0
github.com/sajimenezher_meli/meli-frescos-8/internal/handlers/sectionHandler.go:139.79,142.3 2 0
github.com/sajimenezher_meli/meli-frescos-8/internal/handlers/sectionHandler.go:145.2,145.61 1 0
github.com/sajimenezher_meli/meli-frescos-8/internal/handlers/sectionHandler.go:145.61,148.3 2 0
github.com/sajimenezher_meli/meli-frescos-8/internal/handlers/sectionHandler.go:151.2,152.52 2 0
github.com/sajimenezher_meli/meli-frescos-8/internal/handlers/sectionHandler.go:159.73,171.20 5 0
github.com/sajimenezher_meli/meli-frescos-8/internal/handlers/sectionHandler.go:171.20,174.3 2 0
github.com/sajimenezher_meli/meli-frescos-8/internal/handlers/sectionHandler.go:177.2,178.19 2 0
github.com/sajimenezher_meli/meli-frescos-8/internal/handlers/sectionHandler.go:178.19,181.3 2 0
github.com/sajimenezher_meli/meli-frescos-8/internal/handlers/sectionHandler.go:184.2,184.70 1 0
github.com/sajimenezher_meli/meli-frescos-8/internal/handlers/sectionHandler.go:184.70,187.3 2 0
github.com/sajimenezher_meli/meli-frescos-8/internal/handlers/sectionHandler.go:190.2,190.82 1 0
github.com/sajimenezher_meli/meli-frescos-8/internal/handlers/sectionHandler.go:190.82,193.3 2 0
github.com/sajimenezher_meli/meli-frescos-8/internal/handlers/sectionHandler.go:196.2,196.79 1 0
github.com/sajimenezher_meli/meli-frescos-8/internal/handlers/sectionHandler.go:196.79,199.3 2 0
github.com/sajimenezher_meli/meli-frescos-8/internal/handlers/sectionHandler.go:202.2,203.61 2 0
github.com/sajimenezher_meli/meli-frescos-8/internal/handlers/sectionHandler.go:203.61,206.3 2 0
github.com/sajimenezher_meli/meli-frescos-8/internal/handlers/sectionHandler.go:209.2,210.47 2 0
github.com/sajimenezher_meli/meli-frescos-8/internal/handlers/sectionHandler.go:217.77,224.20 4 0
github.com/sajimenezher_meli/meli-frescos-8/internal/handlers/sectionHandler.go:224.20,227.3 2 0
github.com/sajimenezher_meli/meli-frescos-8/internal/handlers/sectionHandler.go:230.2,231.19 2 0
github.com/sajimenezher_meli/meli-frescos-8/internal/handlers/sectionHandler.go:231.19,234.3 2 0
github.com/sajimenezher_meli/meli-frescos-8/internal/handlers/sectionHandler.go:236.2,236.37 1 0
github.com/sajimenezher_meli/meli-frescos-8/internal/handlers/sellerHandler.go:26.70,28.2 1 0
github.com/sajimenezher_meli/meli-frescos-8/internal/handlers/sellerHandler.go:34.72,37.16 2 0
github.com/sajimenezher_meli/meli-frescos-8/internal/handlers/sellerHandler.go:37.16,40.3 2 0
github.com/sajimenezher_meli/meli-frescos-8/internal/handlers/sellerHandler.go:42.2,42.72 1 0
github.com/sajimenezher_meli/meli-frescos-8/internal/handlers/sellerHandler.go:49.73,55.16 3 0
github.com/sajimenezher_meli/meli-frescos-8/internal/handlers/sellerHandler.go:55.16,58.3 2 0
github.com/sajimenezher_meli/meli-frescos-8/internal/handlers/sellerHandler.go:61.2,62.17 2 0
github.com/sajimenezher_meli/meli-frescos-8/internal/handlers/sellerHandler.go:62.17,65.3 2 0
github.com/sajimenezher_meli/meli-frescos-8/internal/handlers/sellerHandler.go:67.2,67.71 1 0
github.com/sajimenezher_meli/meli-frescos-8/internal/handlers/sellerHandler.go:74.70,80.22 4 0
github.com/sajimenezher_meli/meli-frescos-8/internal/handlers/sellerHandler.go:80.22,83.3 2 0
github.com/sajimenezher_meli/meli-frescos-8/internal/handlers/sellerHandler.go:86.2,86.80 1 0
github.com/sajimenezher_meli/meli-frescos-8/internal/handlers/sellerHandler.go:86.80,89.3 2 0
github.com/sajimenezher_meli/meli-frescos-8/internal/handlers/sellerHandler.go:92.2,96.16 3 0
github.com/sajimenezher_meli/meli-frescos-8/internal/handlers/sellerHandler.go:96.16,99.3 2 0
github.com/sajimenezher_meli/meli-frescos-8/internal/handlers/sellerHandler.go:102.2,104.79 2 0
github.com/sajimenezher_meli/meli-frescos-8/internal/handlers/sellerHandler.go:111.72,114.14 2 0
github.com/sajimenezher_meli/meli-frescos-8/internal/handlers/sellerHandler.go:114.14,117.3 2 0
github.com/sajimenezher_meli/meli-frescos-8/internal/handlers/sellerHandler.go:120.2,121.16 2 0
github.com/sajimenezher_meli/meli-frescos-8/internal/handlers/sellerHandler.go:121.16,124.3 2 0
github.com/sajimenezher_meli/meli-frescos-8/internal/handlers/sellerHandler.go:127.2,130.20 4 0
github.com/sajimenezher_meli/meli-frescos-8/internal/handlers/sellerHandler.go:130.20,133.3 2 0
github.com/sajimenezher_meli/meli-frescos-8/internal/handlers/sellerHandler.go:136.2,138.22 3 0
github.com/sajimenezher_meli/meli-frescos-8/internal/handlers/sellerHandler.go:138.22,141.3 2 0
github.com/sajimenezher_meli/meli-frescos-8/internal/handlers/sellerHandler.go:143.2,143.78 1 0
github.com/sajimenezher_meli/meli-frescos-8/internal/handlers/sellerHandler.go:150.72,153.14 2 0
github.com/sajimenezher_meli/meli-frescos-8/internal/handlers/sellerHandler.go:153.14,156.3 2 0
github.com/sajimenezher_meli/meli-frescos-8/internal/handlers/sellerHandler.go:159.2,160.16 2 0
github.com/sajimenezher_meli/meli-frescos-8/internal/handlers/sellerHandler.go:160.16,163.3 2 0
github.com/sajimenezher_meli/meli-frescos-8/internal/handlers/sellerHandler.go:166.2,167.22 2 0
github.com/sajimenezher_meli/meli-frescos-8/internal/handlers/sellerHandler.go:167.22,170.3 2 0
github.com/sajimenezher_meli/meli-frescos-8/internal/handlers/sellerHandler.go:172.2,172.45 1 0
github.com/sajimenezher_meli/meli-frescos-8/internal/handlers/warehouse_handler.go:29.88,31.2 1 0
github.com/sajimenezher_meli/meli-frescos-8/internal/handlers/warehouse_handler.go:37.75,44.16 4 0
github.com/sajimenezher_meli/meli-frescos-8/internal/handlers/warehouse_handler.go:44.16,46.23 1 0
github.com/sajimenezher_meli/meli-frescos-8/internal/handlers/warehouse_handler.go:46.23,49.4 2 0
github.com/sajimenezher_meli/meli-frescos-8/internal/handlers/warehouse_handler.go:51.3,51.59 1 0
github.com/sajimenezher_meli/meli-frescos-8/internal/handlers/warehouse_handler.go:51.59,54.4 2 0
github.com/sajimenezher_meli/meli-frescos-8/internal/handlers/warehouse_handler.go:55.3,56.9 2 0
github.com/sajimenezher_meli/meli-frescos-8/internal/handlers/warehouse_handler.go:60.2,60.26 1 0
github.com/sajimenezher_meli/meli-frescos-8/internal/handlers/warehouse_handler.go:60.26,63.3 2 0
github.com/sajimenezher_meli/meli-frescos-8/internal/handlers/warehouse_handler.go:66.2,67.39 2 0
github.com/sajimenezher_meli/meli-frescos-8/internal/handlers/warehouse_handler.go:67.39,69.3 1 0
github.com/sajimenezher_meli/meli-frescos-8/internal/handlers/warehouse_handler.go:71.2,73.4 1 0
github.com/sajimenezher_meli/meli-frescos-8/internal/handlers/warehouse_handler.go:80.75,88.74 4 0
github.com/sajimenezher_meli/meli-frescos-8/internal/handlers/warehouse_handler.go:88.74,91.3 2 0
github.com/sajimenezher_meli/meli-frescos-8/internal/handlers/warehouse_handler.go:94.2,94.85 1 0
github.com/sajimenezher_meli/meli-frescos-8/internal/handlers/warehouse_handler.go:94.85,97.3 2 0
github.com/sajimenezher_meli/meli-frescos-8/internal/handlers/warehouse_handler.go:100.2,100.103 1 0
github.com/sajimenezher_meli/meli-frescos-8/internal/handlers/warehouse_handler.go:100.103,102.23 1 0
github.com/sajimenezher_meli/meli-frescos-8/internal/handlers/warehouse_handler.go:102.23,105.4 2 0
github.com/sajimenezher_meli/meli-frescos-8/internal/handlers/warehouse_handler.go:107.3,107.53 1 0
github.com/sajimenezher_meli/meli-frescos-8/internal/handlers/warehouse_handler.go:107.53,110.4 2 0
github.com/sajimenezher_meli/meli-frescos-8/internal/handlers/warehouse_handler.go:111.3,111.59 1 0
github.com/sajimenezher_meli/meli-frescos-8/internal/handlers/warehouse_handler.go:111.59,114.4 2 0
github.com/sajimenezher_meli/meli-frescos-8/internal/handlers/warehouse_handler.go:115.3,116.9 2 0
github.com/sajimenezher_meli/meli-frescos-8/internal/handlers/warehouse_handler.go:120.2,122.16 3 0
github.com/sajimenezher_meli/meli-frescos-8/internal/handlers/warehouse_handler.go:122.16,124.23 1 0
github.com/sajimenezher_meli/meli-frescos-8/internal/handlers/warehouse_handler.go:124.23,127.4 2 0
github.com/sajimenezher_meli/meli-frescos-8/internal/handlers/warehouse_handler.go:129.3,129.59 1 0
github.com/sajimenezher_meli/meli-frescos-8/internal/handlers/warehouse_handler.go:129.59,132.4 2 0
github.com/sajimenezher_meli/meli-frescos-8/internal/handlers/warehouse_handler.go:133.3,134.9 2 0
github.com/sajimenezher_meli/meli-frescos-8/internal/handlers/warehouse_handler.go:138.2,141.4 2 0
github.com/sajimenezher_meli/meli-frescos-8/internal/handlers/warehouse_handler.go:148.76,155.17 4 0
github.com/sajimenezher_meli/meli-frescos-8/internal/handlers/warehouse_handler.go:155.17,158.3 2 0
github.com/sajimenezher_meli/meli-frescos-8/internal/handlers/warehouse_handler.go:161.2,162.16 2 0
github.com/sajimenezher_meli/meli-frescos-8/internal/handlers/warehouse_handler.go:162.16,165.3 2 0
github.com/sajimenezher_meli/meli-frescos-8/internal/handlers/warehouse_handler.go:168.2,169.16 2 0
github.com/sajimenezher_meli/meli-frescos-8/internal/handlers/warehouse_handler.go:169.16,171.23 1 0
github.com/sajimenezher_meli/meli-frescos-8/internal/handlers/warehouse_handler.go:171.23,174.4 2 0
github.com/sajimenezher_meli/meli-frescos-8/internal/handlers/warehouse_handler.go:176.3,176.48 1 0
github.com/sajimenezher_meli/meli-frescos-8/internal/handlers/warehouse_handler.go:176.48,179.4 2 0
github.com/sajimenezher_meli/meli-frescos-8/internal/handlers/warehouse_handler.go:180.3,180.59 1 0
github.com/sajimenezher_meli/meli-frescos-8/internal/handlers/warehouse_handler.go:180.59,183.4 2 0
github.com/sajimenezher_meli/meli-frescos-8/internal/handlers/warehouse_handler.go:184.3,185.9 2 0
github.com/sajimenezher_meli/meli-frescos-8/internal/handlers/warehouse_handler.go:189.2,192.4 2 0
github.com/sajimenezher_meli/meli-frescos-8/internal/handlers/warehouse_handler.go:199.75,206.17 4 0
github.com/sajimenezher_meli/meli-frescos-8/internal/handlers/warehouse_handler.go:206.17,209.3 2 0
github.com/sajimenezher_meli/meli-frescos-8/internal/handlers/warehouse_handler.go:212.2,213.16 2 0
github.com/sajimenezher_meli/meli-frescos-8/internal/handlers/warehouse_handler.go:213.16,216.3 2 0
github.com/sajimenezher_meli/meli-frescos-8/internal/handlers/warehouse_handler.go:219.2,219.59 1 0
github.com/sajimenezher_meli/meli-frescos-8/internal/handlers/warehouse_handler.go:219.59,221.23 1 0
github.com/sajimenezher_meli/meli-frescos-8/internal/handlers/warehouse_handler.go:221.23,224.4 2 0
github.com/sajimenezher_meli/meli-frescos-8/internal/handlers/warehouse_handler.go:226.3,226.48 1 0
github.com/sajimenezher_meli/meli-frescos-8/internal/handlers/warehouse_handler.go:226.48,229.4 2 0
github.com/sajimenezher_meli/meli-frescos-8/internal/handlers/warehouse_handler.go:230.3,230.59 1 0
github.com/sajimenezher_meli/meli-frescos-8/internal/handlers/warehouse_handler.go:230.59,233.4 2 0
github.com/sajimenezher_meli/meli-frescos-8/internal/handlers/warehouse_handler.go:234.3,235.9 2 0
github.com/sajimenezher_meli/meli-frescos-8/internal/handlers/warehouse_handler.go:238.2,240.4 1 0
github.com/sajimenezher_meli/meli-frescos-8/internal/handlers/warehouse_handler.go:247.75,254.17 4 0
github.com/sajimenezher_meli/meli-frescos-8/internal/handlers/warehouse_handler.go:254.17,257.3 2 0
github.com/sajimenezher_meli/meli-frescos-8/internal/handlers/warehouse_handler.go:260.2,261.16 2 0
github.com/sajimenezher_meli/meli-frescos-8/internal/handlers/warehouse_handler.go:261.16,264.3 2 0
github.com/sajimenezher_meli/meli-frescos-8/internal/handlers/warehouse_handler.go:267.2,268.16 2 0
github.com/sajimenezher_meli/meli-frescos-8/internal/handlers/warehouse_handler.go:268.16,270.23 1 0
github.com/sajimenezher_meli/meli-frescos-8/internal/handlers/warehouse_handler.go:270.23,273.4 2 0
github.com/sajimenezher_meli/meli-frescos-8/internal/handlers/warehouse_handler.go:275.3,275.48 1 0
github.com/sajimenezher_meli/meli-frescos-8/internal/handlers/warehouse_handler.go:275.48,278.4 2 0
github.com/sajimenezher_meli/meli-frescos-8/internal/handlers/warehouse_handler.go:279.3,279.59 1 0
github.com/sajimenezher_meli/meli-frescos-8/internal/handlers/warehouse_handler.go:279.59,282.4 2 0
github.com/sajimenezher_meli/meli-frescos-8/internal/handlers/warehouse_handler.go:283.3,284.9 2 0
github.com/sajimenezher_meli/meli-frescos-8/internal/handlers/warehouse_handler.go:287.2,290.79 2 0
github.com/sajimenezher_meli/meli-frescos-8/internal/handlers/warehouse_handler.go:290.79,293.3 2 0
github.com/sajimenezher_meli/meli-frescos-8/internal/handlers/warehouse_handler.go:296.2,296.89 1 0
github.com/sajimenezher_meli/meli-frescos-8/internal/handlers/warehouse_handler.go:296.89,299.3 2 0
github.com/sajimenezher_meli/meli-frescos-8/internal/handlers/warehouse_handler.go:302.2,305.123 2 0
github.com/sajimenezher_meli/meli-frescos-8/internal/handlers/warehouse_handler.go:305.123,306.110 1 0
github.com/sajimenezher_meli/meli-frescos-8/internal/handlers/warehouse_handler.go:306.110,308.24 1 0
github.com/sajimenezher_meli/meli-frescos-8/internal/handlers/warehouse_handler.go:308.24,311.5 2 0
github.com/sajimenezher_meli/meli-frescos-8/internal/handlers/warehouse_handler.go:313.4,313.54 1 0
github.com/sajimenezher_meli/meli-frescos-8/internal/handlers/warehouse_handler.go:313.54,316.5 2 0
github.com/sajimenezher_meli/meli-frescos-8/internal/handlers/warehouse_handler.go:317.4,317.60 1 0
github.com/sajimenezher_meli/meli-frescos-8/internal/handlers/warehouse_handler.go:317.60,320.5 2 0
github.com/sajimenezher_meli/meli-frescos-8/internal/handlers/warehouse_handler.go:321.4,322.10 2 0
github.com/sajimenezher_meli/meli-frescos-8/internal/handlers/warehouse_handler.go:327.2,328.16 2 0
github.com/sajimenezher_meli/meli-frescos-8/internal/handlers/warehouse_handler.go:328.16,330.23 1 0
github.com/sajimenezher_meli/meli-frescos-8/internal/handlers/warehouse_handler.go:330.23,333.4 2 0
github.com/sajimenezher_meli/meli-frescos-8/internal/handlers/warehouse_handler.go:335.3,335.48 1 0
github.com/sajimenezher_meli/meli-frescos-8/internal/handlers/warehouse_handler.go:335.48,338.4 2 0
github.com/sajimenezher_meli/meli-frescos-8/internal/handlers/warehouse_handler.go:339.3,339.59 1 0
github.com/sajimenezher_meli/meli-frescos-8/internal/handlers/warehouse_handler.go:339.59,342.4 2 0
github.com/sajimenezher_meli/meli-frescos-8/internal/handlers/warehouse_handler.go:343.3,344.9 2 0
github.com/sajimenezher_meli/meli-frescos-8/internal/handlers/warehouse_handler.go:348.2,351.4 2 0
